=== Project setup started: Wed Jan 28 23:19:32 UTC 2026 ===
=== Project setup started: Wed Jan 28 23:21:14 UTC 2026 ===
.:
BioMiniProject_RELEASE
BioMiniProject_RELEASE.tar.gz
README.md
analysis
docker
logs
output

./BioMiniProject_RELEASE:
data
scripts

./BioMiniProject_RELEASE/data:
fasta
images
texts

./BioMiniProject_RELEASE/data/fasta:
virus_hiv.fasta
virus_sars.fasta

./BioMiniProject_RELEASE/data/images:
microscope_1.png
microscope_2.png
microscope_3.png

./BioMiniProject_RELEASE/data/texts:
readme.txt

./BioMiniProject_RELEASE/scripts:
organize_files.sh
process_images.sh

./analysis:

./docker:

./logs:
actions.log

./output:
